// Jest Snapshot v1, https://goo.gl/fbAQLP

exports[`RangedAmountField renders with the min/max rounded up/down 1`] = `
<div
  className="hulnrW"
>
  <label
    className="refill-field-label"
    htmlFor="custom_amount"
  >
    ...or enter a custom amount
  </label>
  <div
    className="refill-field"
  >
    <div>
      <input
        className="amount-ranged-input jsqEwQ"
        id="custom_amount"
        max={50}
        min={5}
        name="custom_amount"
        onChange={[Function]}
        placeholder="e.g. 200"
        step={undefined}
        type="number"
        value={18}
      />
      <label
        className="fEuSWJ"
        htmlFor="custom_amount"
      >
        EUR
      </label>
    </div>
  </div>
  <p
    className="refill-field-hint"
  >
    <span
      className=""
    >
      You pay 
      <strong
        className="amount-ranged-btc-price fcgrxX"
      >
        0.000001
         
        BTC
      </strong>
      . Min: 
      <strong>
        5
         
        EUR
      </strong>
      , max: 
      <strong>
        50
         
        EUR
      </strong>
      .
    </span>
  </p>
</div>
`;
